[hub] amazon/chronos-2@29ec3766 — created_at=2025-10-30 14:54:39+00:00 last_modified=2026-06-05 11:55:42+00:00
[hub] amazon/chronos-bolt-base@5d9f166d — created_at=2024-11-25 09:47:43+00:00 last_modified=2025-11-21 12:53:22+00:00
[travas] Travas 1 e 5 OK — pareamento e âncoras conferem.
Loading weights:   0%|          | 0/269 [00:00<?, ?it/s]Loading weights: 100%|██████████| 269/269 [00:00<00:00, 9810.34it/s]
[carga] Chronos-Bolt (amazon/chronos-bolt-base@5d9f166d) carregado em 0.1s.
Loading weights:   0%|          | 0/170 [00:00<?, ?it/s]Loading weights: 100%|██████████| 170/170 [00:00<00:00, 8810.58it/s]
[carga] Chronos-2 (amazon/chronos-2@29ec3766) carregado em 0.2s.
[previsao] 295 origens distintas a prever, 4 braços cada.
    25/295 origens previstas (0.14s a última).
    50/295 origens previstas (0.10s a última).
    75/295 origens previstas (0.12s a última).
    100/295 origens previstas (0.10s a última).
    125/295 origens previstas (0.11s a última).
    150/295 origens previstas (0.11s a última).
    175/295 origens previstas (0.12s a última).
    200/295 origens previstas (0.12s a última).
    225/295 origens previstas (0.14s a última).
    250/295 origens previstas (0.17s a última).
    275/295 origens previstas (0.13s a última).
    295/295 origens previstas (0.15s a última).
[travas] Trava 3 OK — 5 origens repetidas deram resultado idêntico.
[gravação] /Users/viniciusguerra/Library/CloudStorage/GoogleDrive-vinigm@gmail.com/Meu Drive/Mestrado/Pesquisa/Meu_Projeto/analises/2026-09-25_modelos_de_fundacao/saidas/previsoes_por_braco.csv gravado (4636 linhas).
Traceback (most recent call last):
  File "/Users/viniciusguerra/Library/CloudStorage/GoogleDrive-vinigm@gmail.com/Meu Drive/Mestrado/Pesquisa/Meu_Projeto/analises/2026-09-25_modelos_de_fundacao/rodar.py", line 1330, in <module>
    main()
  File "/Users/viniciusguerra/Library/CloudStorage/GoogleDrive-vinigm@gmail.com/Meu Drive/Mestrado/Pesquisa/Meu_Projeto/analises/2026-09-25_modelos_de_fundacao/rodar.py", line 1325, in main
    executar_bateria_completa()
  File "/Users/viniciusguerra/Library/CloudStorage/GoogleDrive-vinigm@gmail.com/Meu Drive/Mestrado/Pesquisa/Meu_Projeto/analises/2026-09-25_modelos_de_fundacao/rodar.py", line 1012, in executar_bateria_completa
    calcular_e_gravar_familias_de_teste(tabela_de_previsoes, pares_de_avaliacao)
  File "/Users/viniciusguerra/Library/CloudStorage/GoogleDrive-vinigm@gmail.com/Meu Drive/Mestrado/Pesquisa/Meu_Projeto/analises/2026-09-25_modelos_de_fundacao/rodar.py", line 1064, in calcular_e_gravar_familias_de_teste
    tabela_dos_bracos_na_avaliacao = tabela_de_previsoes.merge(
                                     ^^^^^^^^^^^^^^^^^^^^^^^^^^
  File "/Users/viniciusguerra/.venvs/aedes_modelos_fundacao/lib/python3.12/site-packages/pandas/core/frame.py", line 12902, in merge
    return merge(
           ^^^^^^
  File "/Users/viniciusguerra/.venvs/aedes_modelos_fundacao/lib/python3.12/site-packages/pandas/core/reshape/merge.py", line 385, in merge
    op = _MergeOperation(
         ^^^^^^^^^^^^^^^^
  File "/Users/viniciusguerra/.venvs/aedes_modelos_fundacao/lib/python3.12/site-packages/pandas/core/reshape/merge.py", line 1031, in __init__
    self._maybe_coerce_merge_keys()
  File "/Users/viniciusguerra/.venvs/aedes_modelos_fundacao/lib/python3.12/site-packages/pandas/core/reshape/merge.py", line 1841, in _maybe_coerce_merge_keys
    raise ValueError(msg)
ValueError: You are trying to merge on str and datetime64[us] columns for key 'data_alvo'. If you wish to proceed you should use pd.concat
