21:20:47 | INFO | Inicio da analise: alarme do modelo contra o canal endemico.
21:20:47 | INFO | Serie semanal carregada: 725 semanas, de 2012-09-23 a 2026-08-09 (297 com casos_confirmados nulo).
21:20:47 | INFO | Canais calculados para 725 semanas epidemiologicas (ano>=2018); 440 ficaram sem canal por terem menos de 3 anos anteriores validos.
21:20:47 | INFO | Semanas (ano, semana) sem canal definido (n_anos_usados < 3): [(2012, 39), (2012, 40), (2012, 41), (2012, 42), (2012, 43), (2012, 44), (2012, 45), (2012, 46), (2012, 47), (2012, 48), (2012, 49), (2012, 50), (2012, 51), (2012, 52), (2013, 1), (2013, 2), (2013, 3), (2013, 4), (2013, 5), (2013, 6), (2013, 7), (2013, 8), (2013, 9), (2013, 10), (2013, 11), (2013, 12), (2013, 13), (2013, 14), (2013, 15), (2013, 16), (2013, 17), (2013, 18), (2013, 19), (2013, 20), (2013, 21), (2013, 22), (2013, 23), (2013, 24), (2013, 25), (2013, 26), (2013, 27), (2013, 28), (2013, 29), (2013, 30), (2013, 31), (2013, 32), (2013, 33), (2013, 34), (2013, 35), (2013, 36), (2013, 37), (2013, 38), (2013, 39), (2013, 40), (2013, 41), (2013, 42), (2013, 43), (2013, 44), (2013, 45), (2013, 46), (2013, 47), (2013, 48), (2013, 49), (2013, 50), (2013, 51), (2013, 52), (2014, 1), (2014, 2), (2014, 3), (2014, 4), (2014, 5), (2014, 6), (2014, 7), (2014, 8), (2014, 9), (2014, 10), (2014, 11), (2014, 12), (2014, 13), (2014, 14), (2014, 15), (2014, 16), (2014, 17), (2014, 18), (2014, 19), (2014, 20), (2014, 21), (2014, 22), (2014, 23), (2014, 24), (2014, 25), (2014, 26), (2014, 27), (2014, 28), (2014, 29), (2014, 30), (2014, 31), (2014, 32), (2014, 33), (2014, 34), (2014, 35), (2014, 36), (2014, 37), (2014, 38), (2014, 39), (2014, 40), (2014, 41), (2014, 42), (2014, 43), (2014, 44), (2014, 45), (2014, 46), (2014, 47), (2014, 48), (2014, 49), (2014, 50), (2014, 51), (2014, 52), (2014, 53), (2015, 1), (2015, 2), (2015, 3), (2015, 4), (2015, 5), (2015, 6), (2015, 7), (2015, 8), (2015, 9), (2015, 10), (2015, 11), (2015, 12), (2015, 13), (2015, 14), (2015, 15), (2015, 16), (2015, 17), (2015, 18), (2015, 19), (2015, 20), (2015, 21), (2015, 22), (2015, 23), (2015, 24), (2015, 25), (2015, 26), (2015, 27), (2015, 28), (2015, 29), (2015, 30), (2015, 31), (2015, 32), (2015, 33), (2015, 34), (2015, 35), (2015, 36), (2015, 37), (2015, 38), (2015, 39), (2015, 40), (2015, 41), (2015, 42), (2015, 43), (2015, 44), (2015, 45), (2015, 46), (2015, 47), (2015, 48), (2015, 49), (2015, 50), (2015, 51), (2015, 52), (2016, 1), (2016, 2), (2016, 3), (2016, 4), (2016, 5), (2016, 6), (2016, 7), (2016, 8), (2016, 9), (2016, 10), (2016, 11), (2016, 12), (2016, 13), (2016, 14), (2016, 15), (2016, 16), (2016, 17), (2016, 18), (2016, 19), (2016, 20), (2016, 21), (2016, 22), (2016, 23), (2016, 24), (2016, 25), (2016, 26), (2016, 27), (2016, 28), (2016, 29), (2016, 30), (2016, 31), (2016, 32), (2016, 33), (2016, 34), (2016, 35), (2016, 36), (2016, 37), (2016, 38), (2016, 39), (2016, 40), (2016, 41), (2016, 42), (2016, 43), (2016, 44), (2016, 45), (2016, 46), (2016, 47), (2016, 48), (2016, 49), (2016, 50), (2016, 51), (2016, 52), (2017, 1), (2017, 2), (2017, 3), (2017, 4), (2017, 5), (2017, 6), (2017, 7), (2017, 8), (2017, 9), (2017, 10), (2017, 11), (2017, 12), (2017, 13), (2017, 14), (2017, 15), (2017, 16), (2017, 17), (2017, 18), (2017, 19), (2017, 20), (2017, 21), (2017, 22), (2017, 23), (2017, 24), (2017, 25), (2017, 26), (2017, 27), (2017, 28), (2017, 29), (2017, 30), (2017, 31), (2017, 32), (2017, 33), (2017, 34), (2017, 35), (2017, 36), (2017, 37), (2017, 38), (2017, 39), (2017, 40), (2017, 41), (2017, 42), (2017, 43), (2017, 44), (2017, 45), (2017, 46), (2017, 47), (2017, 48), (2017, 49), (2017, 50), (2017, 51), (2017, 52), (2018, 1), (2018, 2), (2018, 3), (2018, 4), (2018, 5), (2018, 6), (2018, 7), (2018, 8), (2018, 9), (2018, 10), (2018, 11), (2018, 12), (2018, 13), (2018, 14), (2018, 15), (2018, 16), (2018, 17), (2018, 18), (2018, 19), (2018, 20), (2018, 21), (2018, 22), (2018, 23), (2018, 24), (2018, 25), (2018, 26), (2018, 27), (2018, 28), (2018, 29), (2018, 30), (2018, 31), (2018, 32), (2018, 33), (2018, 34), (2018, 35), (2018, 36), (2018, 37), (2018, 38), (2018, 39), (2018, 40), (2018, 41), (2018, 42), (2018, 43), (2018, 44), (2018, 45), (2018, 46), (2018, 47), (2018, 48), (2018, 49), (2018, 50), (2018, 51), (2018, 52), (2019, 1), (2019, 2), (2019, 3), (2019, 4), (2019, 5), (2019, 6), (2019, 7), (2019, 8), (2019, 9), (2019, 10), (2019, 11), (2019, 12), (2019, 13), (2019, 14), (2019, 15), (2019, 16), (2019, 17), (2019, 18), (2019, 19), (2019, 20), (2019, 21), (2019, 22), (2019, 23), (2019, 24), (2019, 25), (2019, 26), (2019, 27), (2019, 28), (2019, 29), (2019, 30), (2019, 31), (2019, 32), (2019, 33), (2019, 34), (2019, 35), (2019, 36), (2019, 37), (2019, 38), (2019, 39), (2019, 40), (2019, 41), (2019, 42), (2019, 43), (2019, 44), (2019, 45), (2019, 46), (2019, 47), (2019, 48), (2019, 49), (2019, 50), (2019, 51), (2019, 52), (2020, 1), (2020, 2), (2020, 3), (2020, 4), (2020, 5), (2020, 6), (2020, 7), (2020, 8), (2020, 9), (2020, 10), (2020, 11), (2020, 12), (2020, 13), (2020, 14), (2020, 15), (2020, 16), (2020, 17), (2020, 18), (2020, 19), (2020, 20), (2020, 21), (2020, 22), (2020, 23), (2020, 24), (2020, 25), (2020, 26), (2020, 27), (2020, 28), (2020, 29), (2020, 30), (2020, 31), (2020, 32), (2020, 33), (2020, 34), (2020, 35), (2020, 36), (2020, 37), (2020, 38), (2020, 39), (2020, 40), (2020, 41), (2020, 42), (2020, 43), (2020, 44), (2020, 45), (2020, 46), (2020, 47), (2020, 48), (2020, 49), (2020, 50), (2020, 51), (2020, 52), (2020, 53), (2021, 1), (2021, 2), (2021, 3), (2021, 4), (2021, 5), (2021, 6), (2021, 7), (2025, 53)]
21:20:47 | INFO | Previsoes carregadas: 6948 linhas (3474 por modelo), h de 1 a 12, data_alvo de 2020-03-22 a 2026-02-01.
21:20:47 | INFO | Tabela de avaliacao montada: 3474 linhas. Sem 'real' na origem: 0. Sem 'real' na origem-1: 0. Sem 'real' do ano passado: 0.
21:20:47 | INFO | Decisao registrada: semana 53 e tratada como qualquer outra semana epidemiologica — o canal so existe se houver >= 3 anos anteriores com valor nao nulo NA MESMA semana 53 (ela so ocorre em alguns anos do calendario epidemiologico); quando faltam anos, a linha fica invalida para E_canal (todos os 3 canais) mas continua valendo para E_100, que nao depende do canal.
21:20:47 | INFO | Decisao registrada: divisao por zero em precisao (sem alarmes), sensibilidade (sem semana de surto) e especificidade (sem semana calma) retornam NaN, nunca 0 ou erro — ver calcular_metricas_de_alarme.
21:20:47 | INFO | Decisao registrada: desvio-padrao dos canais C_log e C_conv usa ddof=1 (amostral); percentil 75 usa interpolacao linear do NumPy (default), simplificacao ja declarada na pre-declaracao frente a binomial negativa do artigo original.
21:20:48 | INFO | TRAVA h=4: obtido sensibilidade=0.9706 (esperado 0.971, dif 0.0004) | precisao=0.9429 (esperado 0.943, dif 0.0001) | falsos_por_ano=0.6667 (esperado 0.700, dif 0.0333) -> OK
21:20:48 | INFO | TRAVA h=12: obtido sensibilidade=0.7692 (esperado 0.769, dif 0.0002) | precisao=0.8108 (esperado 0.811, dif 0.0002) | falsos_por_ano=2.3333 (esperado 2.300, dif 0.0333) -> OK
21:20:48 | INFO | McNemar: 16 comparacoes na familia de Holm. Significativas (p_holm<0.05): 2.
21:20:48 | INFO | Figura salva em /Users/viniciusguerra/Library/CloudStorage/GoogleDrive-vinigm@gmail.com/Meu Drive/Mestrado/Pesquisa/Meu_Projeto/analises/2026-09-25_alarme_contra_canal_endemico/saidas/figura_youden_h4_h12.png
21:20:48 | INFO | Arquivos gravados em /Users/viniciusguerra/Library/CloudStorage/GoogleDrive-vinigm@gmail.com/Meu Drive/Mestrado/Pesquisa/Meu_Projeto/analises/2026-09-25_alarme_contra_canal_endemico/saidas
21:20:48 | INFO | ==============================================================================
21:20:48 | INFO | CRITERIO DE DECISAO — h=12, evento E_canal (C_log), periodo de avaliacao
21:20:48 | INFO | ==============================================================================
21:20:48 | INFO | 
                    youden  sensibilidade  precisao  especificidade  n_surto  n_semanas
regra                                                                                  
M_adotado         0.258665       0.368421  0.437500        0.890244       19        101
M_folha20         0.363928       0.473684  0.500000        0.890244       19        101
R_hoje            0.047497       0.315789  0.214286        0.731707       19        101
R_hoje_crescendo -0.049422       0.157895  0.150000        0.792683       19        101
R_ano_passado     0.121309       0.157895  0.500000        0.963415       19        101
21:20:48 | INFO | 
McNemar M_adotado vs R_hoje, h=12, E_canal:
 evento canal  h    modelo regra_base  n_pares  n_discordantes  n_modelo_acerta_base_erra  n_base_acerta_modelo_erra  p_valor_bruto  p_valor_holm  significativo_holm_005
E_canal C_log 12 M_adotado     R_hoje      101              38                         26                         12       0.033552      0.402629                   False
21:20:48 | INFO | Youden: M_adotado=0.259, R_hoje=0.047, R_ano_passado=0.121. Vence por Youden nas 2 regras: True. p_holm (vs R_hoje)=0.4026. Criterio pleno (Youden + significancia): False.
21:20:48 | INFO | Fim da analise.
