
  TRAVA 1 — pareamento com o B0 (102 pares por horizonte na avaliacao)
    h= 1            B0  n=102 (esperado 102)  ok
    h= 1      c2_casos  n=102 (esperado 102)  ok
    h= 1     ens_media  n=102 (esperado 102)  ok
    h= 1     ens_pesos  n=102 (esperado 102)  ok
    h= 1         lasso  n=102 (esperado 102)  ok
    h= 1  regua_sazonal  n=102 (esperado 102)  ok
    h= 1    sarima_log  n=102 (esperado 102)  ok
    h= 4            B0  n=102 (esperado 102)  ok
    h= 4      c2_casos  n=102 (esperado 102)  ok
    h= 4     ens_media  n=102 (esperado 102)  ok
    h= 4     ens_pesos  n=102 (esperado 102)  ok
    h= 4         lasso  n=102 (esperado 102)  ok
    h= 4  regua_sazonal  n=102 (esperado 102)  ok
    h= 4    sarima_log  n=102 (esperado 102)  ok
    h= 8            B0  n=102 (esperado 102)  ok
    h= 8      c2_casos  n=102 (esperado 102)  ok
    h= 8     ens_media  n=102 (esperado 102)  ok
    h= 8     ens_pesos  n=102 (esperado 102)  ok
    h= 8         lasso  n=102 (esperado 102)  ok
    h= 8  regua_sazonal  n=102 (esperado 102)  ok
    h= 8    sarima_log  n=102 (esperado 102)  ok
    h=12            B0  n=102 (esperado 102)  ok
    h=12      c2_casos  n=102 (esperado 102)  ok
    h=12     ens_media  n=102 (esperado 102)  ok
    h=12     ens_pesos  n=102 (esperado 102)  ok
    h=12         lasso  n=102 (esperado 102)  ok
    h=12  regua_sazonal  n=102 (esperado 102)  ok
    h=12    sarima_log  n=102 (esperado 102)  ok
    veredito: VALIDO
Traceback (most recent call last):
  File "/Users/viniciusguerra/.venvs/aedes_modelos_fundacao/lib/python3.12/site-packages/pandas/core/indexes/base.py", line 3641, in get_loc
    return self._engine.get_loc(casted_key)
           ^^^^^^^^^^^^^^^^^^^^^^^^^^^^^^^^
  File "pandas/_libs/index.pyx", line 168, in pandas._libs.index.IndexEngine.get_loc
  File "pandas/_libs/index.pyx", line 197, in pandas._libs.index.IndexEngine.get_loc
  File "pandas/_libs/hashtable_class_helper.pxi", line 7668, in pandas._libs.hashtable.PyObjectHashTable.get_item
  File "pandas/_libs/hashtable_class_helper.pxi", line 7676, in pandas._libs.hashtable.PyObjectHashTable.get_item
KeyError: 'ultima_data_ajuste'

The above exception was the direct cause of the following exception:

Traceback (most recent call last):
  File "/Users/viniciusguerra/Library/CloudStorage/GoogleDrive-vinigm@gmail.com/Meu Drive/Mestrado/Pesquisa/Meu_Projeto/analises/2026-09-25_sarima_lasso_ensemble/combinar_e_avaliar.py", line 916, in <module>
    main()
  File "/Users/viniciusguerra/Library/CloudStorage/GoogleDrive-vinigm@gmail.com/Meu Drive/Mestrado/Pesquisa/Meu_Projeto/analises/2026-09-25_sarima_lasso_ensemble/combinar_e_avaliar.py", line 912, in main
    rodar_bateria_completa()
  File "/Users/viniciusguerra/Library/CloudStorage/GoogleDrive-vinigm@gmail.com/Meu Drive/Mestrado/Pesquisa/Meu_Projeto/analises/2026-09-25_sarima_lasso_ensemble/combinar_e_avaliar.py", line 866, in rodar_bateria_completa
    valido = conferir_travas(previsoes_avaliacao, conjunto.sarima_log)
             ^^^^^^^^^^^^^^^^^^^^^^^^^^^^^^^^^^^^^^^^^^^^^^^^^^^^^^^^^
  File "/Users/viniciusguerra/Library/CloudStorage/GoogleDrive-vinigm@gmail.com/Meu Drive/Mestrado/Pesquisa/Meu_Projeto/analises/2026-09-25_sarima_lasso_ensemble/combinar_e_avaliar.py", line 554, in conferir_travas
    trava_2 = conferir_trava_2_sem_futuro_no_sarima(previsoes_sarima_brutas)
              ^^^^^^^^^^^^^^^^^^^^^^^^^^^^^^^^^^^^^^^^^^^^^^^^^^^^^^^^^^^^^^
  File "/Users/viniciusguerra/Library/CloudStorage/GoogleDrive-vinigm@gmail.com/Meu Drive/Mestrado/Pesquisa/Meu_Projeto/analises/2026-09-25_sarima_lasso_ensemble/combinar_e_avaliar.py", line 508, in conferir_trava_2_sem_futuro_no_sarima
    bate = (previsoes_sarima_brutas["ultima_data_ajuste"] == origem_esperada).all()
            ~~~~~~~~~~~~~~~~~~~~~~~^^^^^^^^^^^^^^^^^^^^^^
  File "/Users/viniciusguerra/.venvs/aedes_modelos_fundacao/lib/python3.12/site-packages/pandas/core/frame.py", line 4378, in __getitem__
    indexer = self.columns.get_loc(key)
              ^^^^^^^^^^^^^^^^^^^^^^^^^
  File "/Users/viniciusguerra/.venvs/aedes_modelos_fundacao/lib/python3.12/site-packages/pandas/core/indexes/base.py", line 3648, in get_loc
    raise KeyError(key) from err
KeyError: 'ultima_data_ajuste'
