TRAVA — configuracao adotada contra o painel publicado
  h= 4 sensibilidade   medido 0.971 esperado 0.971  ok
  h= 4 precisao        medido 0.943 esperado 0.943  ok
  h=12 sensibilidade   medido 0.769 esperado 0.769  ok
  h=12 precisao        medido 0.811 esperado 0.811  ok
  VEREDITO: trava valida

--- h = 1 semanas ---
  Adotado (folha 5)      sensib 0.969 | precisao 0.912 | falsos/ano 1.5 (pela conta antiga 1.0) | acertos 31 falsos 3 perdidos 1
  Folha 20, com vetor    sensib 1.000 | precisao 0.865 | falsos/ano 2.5 (pela conta antiga 1.7) | acertos 32 falsos 5 perdidos 0
  Composto               sensib 0.969 | precisao 0.912 | falsos/ano 1.5 (pela conta antiga 1.0) | acertos 31 falsos 3 perdidos 1
  Regua sazonal          sensib 0.812 | precisao 0.963 | falsos/ano 0.5 (pela conta antiga 0.3) | acertos 26 falsos 1 perdidos 6
--- h = 4 semanas ---
  Adotado (folha 5)      sensib 0.971 | precisao 0.943 | falsos/ano 1.0 (pela conta antiga 0.7) | acertos 33 falsos 2 perdidos 1
  Folha 20, com vetor    sensib 0.971 | precisao 0.868 | falsos/ano 2.5 (pela conta antiga 1.7) | acertos 33 falsos 5 perdidos 1
  Composto               sensib 0.971 | precisao 0.868 | falsos/ano 2.5 (pela conta antiga 1.7) | acertos 33 falsos 5 perdidos 1
  Regua sazonal          sensib 0.853 | precisao 0.967 | falsos/ano 0.5 (pela conta antiga 0.3) | acertos 29 falsos 1 perdidos 5
--- h = 8 semanas ---
  Adotado (folha 5)      sensib 0.816 | precisao 0.861 | falsos/ano 2.5 (pela conta antiga 1.7) | acertos 31 falsos 5 perdidos 7
  Folha 20, com vetor    sensib 0.895 | precisao 0.944 | falsos/ano 1.0 (pela conta antiga 0.7) | acertos 34 falsos 2 perdidos 4
  Composto               sensib 0.895 | precisao 0.944 | falsos/ano 1.0 (pela conta antiga 0.7) | acertos 34 falsos 2 perdidos 4
  Regua sazonal          sensib 0.842 | precisao 0.970 | falsos/ano 0.5 (pela conta antiga 0.3) | acertos 32 falsos 1 perdidos 6
--- h = 12 semanas ---
  Adotado (folha 5)      sensib 0.769 | precisao 0.811 | falsos/ano 3.6 (pela conta antiga 2.3) | acertos 30 falsos 7 perdidos 9
  Folha 20, com vetor    sensib 0.846 | precisao 0.892 | falsos/ano 2.0 (pela conta antiga 1.3) | acertos 33 falsos 4 perdidos 6
  Composto               sensib 0.846 | precisao 0.892 | falsos/ano 2.0 (pela conta antiga 1.3) | acertos 33 falsos 4 perdidos 6
  Regua sazonal          sensib 0.821 | precisao 0.970 | falsos/ano 0.5 (pela conta antiga 0.3) | acertos 32 falsos 1 perdidos 7

Base: 39 das 102 semanas avaliadas passaram de 100 casos (38%).
