==============================================================================
IMPORTANCIA POR BLOCO — configuracao de folha minima 20
==============================================================================
  Nucleo: 8 colunas
  Clima: 6 colunas
  Vetor: 6 colunas
  h= 1  295 sem   93.2s
  h= 2  294 sem   80.8s
  h= 3  293 sem   79.2s
  h= 4  292 sem   93.7s
  h= 5  291 sem  105.3s
  h= 6  290 sem   70.0s
  h= 7  289 sem   67.0s
  h= 8  288 sem   71.7s
  h= 9  287 sem   65.5s
  h=10  286 sem   63.8s
  h=11  285 sem   63.5s
  h=12  284 sem   64.7s

  TRAVA — folha 20 contra o bloco 7 (periodo de avaliacao)
    h= 1  n 102  MAE  133.626 (bloco 7  133.626)  R2  0.834 (bloco 7 0.834)  ok
    h= 4  n 102  MAE  199.635 (bloco 7  199.635)  R2  0.717 (bloco 7 0.717)  ok
    h= 8  n 102  MAE  223.183 (bloco 7  223.183)  R2  0.576 (bloco 7 0.576)  ok
    h=12  n 102  MAE  243.765 (bloco 7  243.764)  R2  0.558 (bloco 7 0.558)  ok
    veredito: VALIDO

  aumento do MAE quando o bloco e trocado, periodo de avaliacao
    h  MAE real      R2 |    Nucleo     Clima     Vetor
    1     133.6   0.834 |    198.0%      2.7%     23.6%
    2     191.6   0.692 |     72.2%      4.0%     54.4%
    3     203.3   0.660 |     32.4%      6.5%     93.6%
    4     199.6   0.717 |     25.0%      7.2%    108.3%
    5     225.4   0.636 |     15.2%     12.3%     89.7%
    6     221.5   0.609 |     25.4%     12.4%     90.7%
    7     232.4   0.531 |     30.0%     11.4%     91.7%
    8     223.2   0.576 |     45.0%     16.8%     98.7%
    9     234.8   0.545 |     47.8%      6.7%     87.0%
   10     236.8   0.559 |     52.6%      4.5%     82.3%
   11     241.6   0.570 |     54.6%      5.8%     68.4%
   12     243.8   0.558 |     56.7%      3.5%     51.1%

  IMPORTANCIA DO VETOR — folha 5 contra folha 20
    h   folha 5  folha 20   diferenca
    1     20.0%     23.6%       +3.6 pp
    2     40.4%     54.4%      +14.0 pp
    3     70.5%     93.6%      +23.0 pp
    4     62.2%    108.3%      +46.1 pp
    5     73.1%     89.7%      +16.7 pp
    6     56.9%     90.7%      +33.7 pp
    7     60.8%     91.7%      +30.9 pp
    8     52.8%     98.7%      +45.9 pp
    9     48.7%     87.0%      +38.3 pp
   10     54.7%     82.3%      +27.5 pp
   11     45.7%     68.4%      +22.7 pp
   12     38.6%     51.1%      +12.4 pp
