################################################################################
# EXPERIMENTO A — InfoDengue notificado (2010-2026, sem censura)
#   'da pra detectar surto 1-3 meses a frente em POA?'
################################################################################
 pctl  h        modelo   n  n_pos  sensib  espec    f1  bal_acc   auc    ap
   90  4 clima+AR_LGBM 679    178   0.663  0.964 0.752    0.813 0.928 0.836
   90  4       sazonal 679    178   0.000  1.000 0.000    0.500 0.787 0.473
   90  4  persistencia 679    178   0.758  0.918 0.763    0.838   NaN   NaN
   90  8 clima+AR_LGBM 675    182   0.533  0.937 0.626    0.735 0.891 0.768
   90  8       sazonal 675    182   0.000  1.000 0.000    0.500 0.786 0.507
   90  8  persistencia 675    182   0.571  0.850 0.578    0.711   NaN   NaN
   90 12 clima+AR_LGBM 671    179   0.464  0.945 0.574    0.704 0.865 0.700
   90 12       sazonal 671    179   0.000  1.000 0.000    0.500 0.795 0.530
   90 12  persistencia 671    179   0.385  0.797 0.397    0.591   NaN   NaN
   95  4 clima+AR_LGBM 679    102   0.667  0.969 0.723    0.818 0.952 0.827
   95  4       sazonal 679    102   0.000  1.000 0.000    0.500 0.853 0.370
   95  4  persistencia 679    102   0.696  0.950 0.703    0.823   NaN   NaN
   95  8 clima+AR_LGBM 675    109   0.404  0.954 0.492    0.679 0.903 0.645
   95  8       sazonal 675    109   0.000  1.000 0.000    0.500 0.867 0.450
   95  8  persistencia 675    109   0.413  0.894 0.421    0.653   NaN   NaN
   95 12 clima+AR_LGBM 671    109   0.339  0.963 0.443    0.651 0.887 0.560
   95 12       sazonal 671    109   0.000  1.000 0.000    0.500 0.872 0.444
   95 12  persistencia 671    109   0.147  0.851 0.153    0.499   NaN   NaN

################################################################################
# EXPERIMENTO B — tabela_final: so-clima vs clima+VETOR na deteccao (McNemar)
################################################################################
  P90 h= 4: n=287 pos=69 | clima>vetor=9 vetor>clima=9 McNemar p=1.000
  P90 h= 8: n=283 pos=70 | clima>vetor=5 vetor>clima=10 McNemar p=0.302
  P90 h=12: n=279 pos=69 | clima>vetor=4 vetor>clima=24 McNemar p=0.000
  P95 h= 4: n=288 pos=47 | clima>vetor=11 vetor>clima=7 McNemar p=0.481
  P95 h= 8: n=283 pos=46 | clima>vetor=5 vetor>clima=11 McNemar p=0.210
  P95 h=12: n=279 pos=46 | clima>vetor=5 vetor>clima=17 McNemar p=0.017

=== Metricas por modelo (Experimento B) ===
 pctl  h      modelo   n  n_pos  sensib  espec    f1  bal_acc   auc    ap
   90  4     sazonal 287     69   0.058  0.995 0.108    0.527 0.915 0.729
   90  4    so-clima 287     69   0.739  0.972 0.810    0.856 0.970 0.913
   90  4 clima+vetor 287     69   0.797  0.954 0.821    0.876 0.959 0.901
   90  8     sazonal 283     70   0.100  0.991 0.177    0.545 0.927 0.769
   90  8    so-clima 283     70   0.629  0.962 0.721    0.796 0.927 0.857
   90  8 clima+vetor 283     70   0.671  0.972 0.764    0.822 0.945 0.884
   90 12     sazonal 279     69   0.072  0.995 0.133    0.534 0.928 0.771
   90 12    so-clima 279     69   0.348  0.971 0.485    0.660 0.925 0.761
   90 12 clima+vetor 279     69   0.623  0.976 0.735    0.800 0.943 0.875
   95  4     sazonal 288     47   0.000  1.000 0.000    0.500 0.910 0.563
   95  4    so-clima 288     47   0.638  0.979 0.732    0.809 0.959 0.830
   95  4 clima+vetor 288     47   0.660  0.959 0.705    0.809 0.968 0.833
   95  8     sazonal 283     46   0.000  0.996 0.000    0.498 0.923 0.630
   95  8    so-clima 283     46   0.500  0.975 0.613    0.737 0.951 0.794
   95  8 clima+vetor 283     46   0.609  0.979 0.709    0.794 0.954 0.817
   95 12     sazonal 279     46   0.000  1.000 0.000    0.500 0.927 0.667
   95 12    so-clima 279     46   0.283  0.983 0.413    0.633 0.902 0.649
   95 12 clima+vetor 279     46   0.565  0.979 0.675    0.772 0.921 0.754
salvo: /Users/viniciusguerra/Library/CloudStorage/GoogleDrive-vinigm@gmail.com/Meu Drive/Mestrado/Pesquisa/Meu_Projeto/modelagem_aedes/dados/saidas/resultados/deteccao_surto_resultados.csv
salvo: /Users/viniciusguerra/Library/CloudStorage/GoogleDrive-vinigm@gmail.com/Meu Drive/Mestrado/Pesquisa/Meu_Projeto/modelagem_aedes/dados/saidas/resultados/deteccao_surto_mcnemar.csv
