==============================================================================
BLOCO 3 — importancia por bloco dentro do walk-forward
==============================================================================
  Nucleo: 8 colunas
  Clima: 6 colunas
  Vetor: 6 colunas
  h= 1  295 sem  129.9s
  h= 2  294 sem  102.0s
  h= 3  293 sem  102.0s
  h= 4  292 sem  100.3s
  h= 5  291 sem   99.7s
  h= 6  290 sem   96.6s
  h= 7  289 sem   98.9s
  h= 8  288 sem   99.9s
  h= 9  287 sem   98.5s
  h=10  286 sem  100.1s
  h=11  285 sem  103.4s
  h=12  284 sem   96.5s

  TRAVA DE VALIDACAO — A_referencia contra o painel publicado
    h= 1  MAE    98.0 (painel   98.0)  R2  0.898 (painel 0.898)  ok
    h= 4  MAE   219.7 (painel  219.7)  R2  0.628 (painel 0.628)  ok
    h= 8  MAE   272.6 (painel  272.6)  R2  0.450 (painel 0.450)  ok
    h=12  MAE   278.8 (painel  278.7)  R2  0.437 (painel 0.437)  ok
    veredito: VALIDO

  aumento do MAE quando o bloco e trocado, periodo de avaliacao
    h  MAE real      R2 |    Nucleo     Clima     Vetor
    1      98.0   0.898 |    318.4%     29.3%     20.0%
    2     162.0   0.746 |    130.3%     18.1%     40.4%
    3     185.2   0.698 |     80.2%     16.4%     70.5%
    4     219.7   0.628 |     47.2%     17.4%     62.2%
    5     217.7   0.613 |     42.8%     25.4%     73.1%
    6     262.7   0.442 |     19.8%      9.9%     56.9%
    7     249.7   0.497 |     27.1%     15.7%     60.8%
    8     272.6   0.450 |     23.2%     14.2%     52.8%
    9     284.2   0.384 |     26.5%      4.9%     48.7%
   10     280.6   0.418 |     33.4%     -1.3%     54.7%
   11     292.1   0.378 |     32.9%      0.6%     45.7%
   12     278.8   0.437 |     40.3%      2.9%     38.6%
